This file contains any messages produced by compilers while
running configure, to aid debugging if configure makes a mistake.

It was created by libconfig configure 1.4.9, which was
generated by GNU Autoconf 2.68.  Invocation command line was

  $ ./configure --host aarch64-linux-android --disable-examples

## --------- ##
## Platform. ##
## --------- ##

hostname = AsusG16
uname -m = x86_64
uname -r = 6.14.8-061408-generic
uname -s = Linux
uname -v = #202505221337 SMP PREEMPT_DYNAMIC Thu May 22 16:00:37 UTC 2025

/usr/bin/uname -p = x86_64
/bin/uname -X     = unknown

/bin/arch              = x86_64
/usr/bin/arch -k       = unknown
/usr/convex/getsysinfo = unknown
/usr/bin/hostinfo      = unknown
/bin/machine           = unknown
/usr/bin/oslevel       = unknown
/bin/universe          = unknown

PATH: /home/andrei/develop/android21-aarch64/bin
PATH: /home/andrei/tmp/android_3d/sview/3rdparty/android/build/android-toolchain-arm64/bin
PATH: /home/andrei/.local/bin
PATH: /usr/local/sbin
PATH: /usr/local/bin
PATH: /usr/sbin
PATH: /usr/bin
PATH: /sbin
PATH: /bin
PATH: /usr/games
PATH: /usr/local/games
PATH: /snap/bin
PATH: /home/andrei/tmp/android_3d/sview/3rdparty/android/build/android-ndk-r12b/toolchains/aarch64-linux-android-4.9/prebuilt/linux-x86_64/bin


## ----------- ##
## Core tests. ##
## ----------- ##

configure:2375: checking build system type
configure:2389: result: x86_64-pc-linux-android
configure:2409: checking host system type
configure:2422: result: aarch64-unknown-linux-android
configure:2442: checking target system type
configure:2455: result: aarch64-unknown-linux-android
configure:2497: checking for a BSD-compatible install
configure:2565: result: /usr/bin/install -c
configure:2576: checking whether build environment is sane
configure:2626: result: yes
configure:2675: checking for aarch64-linux-android-strip
configure:2691: found /home/andrei/tmp/android_3d/sview/3rdparty/android/build/android-toolchain-arm64/bin/aarch64-linux-android-strip
configure:2702: result: aarch64-linux-android-strip
configure:2767: checking for a thread-safe mkdir -p
configure:2806: result: /usr/bin/mkdir -p
configure:2819: checking for gawk
configure:2835: found /usr/bin/gawk
configure:2846: result: gawk
configure:2857: checking whether make sets $(MAKE)
configure:2879: result: yes
configure:2962: libconfig - made with pride in California
configure:2985: checking for style of include used by make
configure:3013: result: GNU
configure:3043: checking for aarch64-linux-android-gcc
configure:3070: result: aarch64-linux-android-gcc
configure:3339: checking for C compiler version
configure:3348: aarch64-linux-android-gcc --version >&5
aarch64-linux-android-gcc (GCC) 4.9.x 20150123 (prerelease)
Copyright (C) 2014 Free Software Foundation, Inc.
This is free software; see the source for copying conditions.  There is NO
warranty; not even for MERCHANTABILITY or FITNESS FOR A PARTICULAR PURPOSE.

configure:3359: $? = 0
configure:3348: aarch64-linux-android-gcc -v >&5
Using built-in specs.
COLLECT_GCC=aarch64-linux-android-gcc
COLLECT_LTO_WRAPPER=/home/andrei/hdd/tmp/android_3d/sview/3rdparty/android/build/android-toolchain-arm64/bin/../libexec/gcc/aarch64-linux-android/4.9.x/lto-wrapper
Target: aarch64-linux-android
Configured with: /usr/local/google/buildbot/src/android/gcc/toolchain/build/../gcc/gcc-4.9/configure --prefix=/tmp/8ee0b8157b3409c4b84fff35696d6c90 --target=aarch64-linux-android --host=x86_64-linux-gnu --build=x86_64-linux-gnu --with-gnu-as --with-gnu-ld --enable-languages=c,c++ --with-gmp=/buildbot/tmp/build/toolchain/temp-install --with-mpfr=/buildbot/tmp/build/toolchain/temp-install --with-mpc=/buildbot/tmp/build/toolchain/temp-install --with-cloog=/buildbot/tmp/build/toolchain/temp-install --with-isl=/buildbot/tmp/build/toolchain/temp-install --with-ppl=/buildbot/tmp/build/toolchain/temp-install --disable-ppl-version-check --disable-cloog-version-check --disable-isl-version-check --enable-cloog-backend=isl --with-host-libstdcxx='-static-libgcc -Wl,-Bstatic,-lstdc++,-Bdynamic -lm' --disable-libssp --enable-threads --disable-nls --disable-libmudflap --disable-libgomp --disable-libstdc__-v3 --disable-sjlj-exceptions --disable-shared --disable-tls --disable-libitm --enable-bionic-libs --enable-libatomic-ifuncs=no --enable-initfini-array --disable-nls --prefix=/tmp/8ee0b8157b3409c4b84fff35696d6c90 --with-sysroot=/tmp/8ee0b8157b3409c4b84fff35696d6c90/sysroot --with-binutils-version=2.25 --with-mpfr-version=3.1.1 --with-mpc-version=1.0.1 --with-gmp-version=5.0.5 --with-gcc-version=4.9 --with-gdb-version=none --with-gxx-include-dir=/tmp/8ee0b8157b3409c4b84fff35696d6c90/include/c++/4.9.x --with-bugurl=http://source.android.com/source/report-bugs.html --enable-languages=c,c++ --disable-bootstrap --enable-plugins --enable-libgomp --enable-gnu-indirect-function --disable-libsanitizer --enable-gold --enable-ld=default --enable-threads --enable-eh-frame-hdr-for-static --enable-fix-cortex-a53-835769 --enable-graphite=yes --with-isl-version=0.11.1 --with-cloog-version=0.18.0 --program-transform-name='s&^&aarch64-linux-android-&' --enable-gold
Thread model: posix
gcc version 4.9.x 20150123 (prerelease) (GCC) 
configure:3359: $? = 0
configure:3348: aarch64-linux-android-gcc -V >&5
aarch64-linux-android-gcc: error: unrecognized command line option '-V'
aarch64-linux-android-gcc: fatal error: no input files
compilation terminated.
configure:3359: $? = 1
configure:3348: aarch64-linux-android-gcc -qversion >&5
aarch64-linux-android-gcc: error: unrecognized command line option '-qversion'
aarch64-linux-android-gcc: fatal error: no input files
compilation terminated.
configure:3359: $? = 1
configure:3379: checking whether the C compiler works
configure:3401: aarch64-linux-android-gcc -O2 -march=armv8-a  -L/home/andrei/tmp/android_3d/sview/3rdparty/android/build/android-ndk-r12b/platforms/android-21/arch-arm64/usr/lib -lc -ldl --sysroot=/home/andrei/tmp/android_3d/sview/3rdparty/android/build/android-ndk-r12b/platforms/android-21/arch-arm64  conftest.c  >&5
configure:3405: $? = 0
configure:3453: result: yes
configure:3456: checking for C compiler default output file name
configure:3458: result: a.out
configure:3464: checking for suffix of executables
configure:3471: aarch64-linux-android-gcc -o conftest -O2 -march=armv8-a  -L/home/andrei/tmp/android_3d/sview/3rdparty/android/build/android-ndk-r12b/platforms/android-21/arch-arm64/usr/lib -lc -ldl --sysroot=/home/andrei/tmp/android_3d/sview/3rdparty/android/build/android-ndk-r12b/platforms/android-21/arch-arm64  conftest.c  >&5
configure:3475: $? = 0
configure:3497: result: 
configure:3519: checking whether we are cross compiling
configure:3527: aarch64-linux-android-gcc -o conftest -O2 -march=armv8-a  -L/home/andrei/tmp/android_3d/sview/3rdparty/android/build/android-ndk-r12b/platforms/android-21/arch-arm64/usr/lib -lc -ldl --sysroot=/home/andrei/tmp/android_3d/sview/3rdparty/android/build/android-ndk-r12b/platforms/android-21/arch-arm64  conftest.c  >&5
configure:3531: $? = 0
configure:3538: ./conftest
./configure: line 3540: ./conftest: cannot execute binary file: Exec format error
configure:3542: $? = 126
configure:3557: result: yes
configure:3562: checking for suffix of object files
configure:3584: aarch64-linux-android-gcc -c -O2 -march=armv8-a  conftest.c >&5
configure:3588: $? = 0
configure:3609: result: o
configure:3613: checking whether we are using the GNU C compiler
configure:3632: aarch64-linux-android-gcc -c -O2 -march=armv8-a  conftest.c >&5
configure:3632: $? = 0
configure:3641: result: yes
configure:3650: checking whether aarch64-linux-android-gcc accepts -g
configure:3670: aarch64-linux-android-gcc -c -g  conftest.c >&5
configure:3670: $? = 0
configure:3711: result: yes
configure:3728: checking for aarch64-linux-android-gcc option to accept ISO C89
configure:3792: aarch64-linux-android-gcc  -c -O2 -march=armv8-a  conftest.c >&5
configure:3792: $? = 0
configure:3805: result: none needed
configure:3827: checking dependency style of aarch64-linux-android-gcc
configure:3937: result: gcc3
configure:3958: checking how to run the C preprocessor
configure:3989: aarch64-linux-android-gcc -E  conftest.c
configure:3989: $? = 0
configure:4003: aarch64-linux-android-gcc -E  conftest.c
conftest.c:12:28: fatal error: ac_nonexistent.h: No such file or directory
 #include <ac_nonexistent.h>
                            ^
compilation terminated.
configure:4003: $? = 1
configure: failed program was:
| /* confdefs.h */
| #define PACKAGE_NAME "libconfig"
| #define PACKAGE_TARNAME "libconfig"
| #define PACKAGE_VERSION "1.4.9"
| #define PACKAGE_STRING "libconfig 1.4.9"
| #define PACKAGE_BUGREPORT "hyperrealm@gmail.com"
| #define PACKAGE_URL "http://www.hyperrealm.com/main.php?s=libconfig"
| #define PACKAGE "libconfig"
| #define VERSION "1.4.9"
| #define TARGET "aarch64-unknown-linux-android"
| /* end confdefs.h.  */
| #include <ac_nonexistent.h>
configure:4028: result: aarch64-linux-android-gcc -E
configure:4048: aarch64-linux-android-gcc -E  conftest.c
configure:4048: $? = 0
configure:4062: aarch64-linux-android-gcc -E  conftest.c
conftest.c:12:28: fatal error: ac_nonexistent.h: No such file or directory
 #include <ac_nonexistent.h>
                            ^
compilation terminated.
configure:4062: $? = 1
configure: failed program was:
| /* confdefs.h */
| #define PACKAGE_NAME "libconfig"
| #define PACKAGE_TARNAME "libconfig"
| #define PACKAGE_VERSION "1.4.9"
| #define PACKAGE_STRING "libconfig 1.4.9"
| #define PACKAGE_BUGREPORT "hyperrealm@gmail.com"
| #define PACKAGE_URL "http://www.hyperrealm.com/main.php?s=libconfig"
| #define PACKAGE "libconfig"
| #define VERSION "1.4.9"
| #define TARGET "aarch64-unknown-linux-android"
| /* end confdefs.h.  */
| #include <ac_nonexistent.h>
configure:4091: checking for grep that handles long lines and -e
configure:4149: result: /usr/bin/grep
configure:4154: checking for egrep
configure:4216: result: /usr/bin/grep -E
configure:4221: checking for ANSI C header files
configure:4241: aarch64-linux-android-gcc -c -O2 -march=armv8-a  conftest.c >&5
configure:4241: $? = 0
configure:4325: result: yes
configure:4338: checking for sys/types.h
configure:4338: aarch64-linux-android-gcc -c -O2 -march=armv8-a  conftest.c >&5
configure:4338: $? = 0
configure:4338: result: yes
configure:4338: checking for sys/stat.h
configure:4338: aarch64-linux-android-gcc -c -O2 -march=armv8-a  conftest.c >&5
configure:4338: $? = 0
configure:4338: result: yes
configure:4338: checking for stdlib.h
configure:4338: aarch64-linux-android-gcc -c -O2 -march=armv8-a  conftest.c >&5
configure:4338: $? = 0
configure:4338: result: yes
configure:4338: checking for string.h
configure:4338: aarch64-linux-android-gcc -c -O2 -march=armv8-a  conftest.c >&5
configure:4338: $? = 0
configure:4338: result: yes
configure:4338: checking for memory.h
configure:4338: aarch64-linux-android-gcc -c -O2 -march=armv8-a  conftest.c >&5
configure:4338: $? = 0
configure:4338: result: yes
configure:4338: checking for strings.h
configure:4338: aarch64-linux-android-gcc -c -O2 -march=armv8-a  conftest.c >&5
configure:4338: $? = 0
configure:4338: result: yes
configure:4338: checking for inttypes.h
configure:4338: aarch64-linux-android-gcc -c -O2 -march=armv8-a  conftest.c >&5
configure:4338: $? = 0
configure:4338: result: yes
configure:4338: checking for stdint.h
configure:4338: aarch64-linux-android-gcc -c -O2 -march=armv8-a  conftest.c >&5
configure:4338: $? = 0
configure:4338: result: yes
configure:4338: checking for unistd.h
configure:4338: aarch64-linux-android-gcc -c -O2 -march=armv8-a  conftest.c >&5
configure:4338: $? = 0
configure:4338: result: yes
configure:4351: checking minix/config.h usability
configure:4351: aarch64-linux-android-gcc -c -O2 -march=armv8-a  conftest.c >&5
conftest.c:55:26: fatal error: minix/config.h: No such file or directory
 #include <minix/config.h>
                          ^
compilation terminated.
configure:4351: $? = 1
configure: failed program was:
| /* confdefs.h */
| #define PACKAGE_NAME "libconfig"
| #define PACKAGE_TARNAME "libconfig"
| #define PACKAGE_VERSION "1.4.9"
| #define PACKAGE_STRING "libconfig 1.4.9"
| #define PACKAGE_BUGREPORT "hyperrealm@gmail.com"
| #define PACKAGE_URL "http://www.hyperrealm.com/main.php?s=libconfig"
| #define PACKAGE "libconfig"
| #define VERSION "1.4.9"
| #define TARGET "aarch64-unknown-linux-android"
| #define STDC_HEADERS 1
| #define HAVE_SYS_TYPES_H 1
| #define HAVE_SYS_STAT_H 1
| #define HAVE_STDLIB_H 1
| #define HAVE_STRING_H 1
| #define HAVE_MEMORY_H 1
| #define HAVE_STRINGS_H 1
| #define HAVE_INTTYPES_H 1
| #define HAVE_STDINT_H 1
| #define HAVE_UNISTD_H 1
| /* end confdefs.h.  */
| #include <stdio.h>
| #ifdef HAVE_SYS_TYPES_H
| # include <sys/types.h>
| #endif
| #ifdef HAVE_SYS_STAT_H
| # include <sys/stat.h>
| #endif
| #ifdef STDC_HEADERS
| # include <stdlib.h>
| # include <stddef.h>
| #else
| # ifdef HAVE_STDLIB_H
| #  include <stdlib.h>
| # endif
| #endif
| #ifdef HAVE_STRING_H
| # if !defined STDC_HEADERS && defined HAVE_MEMORY_H
| #  include <memory.h>
| # endif
| # include <string.h>
| #endif
| #ifdef HAVE_STRINGS_H
| # include <strings.h>
| #endif
| #ifdef HAVE_INTTYPES_H
| # include <inttypes.h>
| #endif
| #ifdef HAVE_STDINT_H
| # include <stdint.h>
| #endif
| #ifdef HAVE_UNISTD_H
| # include <unistd.h>
| #endif
| #include <minix/config.h>
configure:4351: result: no
configure:4351: checking minix/config.h presence
configure:4351: aarch64-linux-android-gcc -E  conftest.c
conftest.c:22:26: fatal error: minix/config.h: No such file or directory
 #include <minix/config.h>
                          ^
compilation terminated.
configure:4351: $? = 1
configure: failed program was:
| /* confdefs.h */
| #define PACKAGE_NAME "libconfig"
| #define PACKAGE_TARNAME "libconfig"
| #define PACKAGE_VERSION "1.4.9"
| #define PACKAGE_STRING "libconfig 1.4.9"
| #define PACKAGE_BUGREPORT "hyperrealm@gmail.com"
| #define PACKAGE_URL "http://www.hyperrealm.com/main.php?s=libconfig"
| #define PACKAGE "libconfig"
| #define VERSION "1.4.9"
| #define TARGET "aarch64-unknown-linux-android"
| #define STDC_HEADERS 1
| #define HAVE_SYS_TYPES_H 1
| #define HAVE_SYS_STAT_H 1
| #define HAVE_STDLIB_H 1
| #define HAVE_STRING_H 1
| #define HAVE_MEMORY_H 1
| #define HAVE_STRINGS_H 1
| #define HAVE_INTTYPES_H 1
| #define HAVE_STDINT_H 1
| #define HAVE_UNISTD_H 1
| /* end confdefs.h.  */
| #include <minix/config.h>
configure:4351: result: no
configure:4351: checking for minix/config.h
configure:4351: result: no
configure:4372: checking whether it is safe to define __EXTENSIONS__
configure:4390: aarch64-linux-android-gcc -c -O2 -march=armv8-a  conftest.c >&5
configure:4390: $? = 0
configure:4397: result: yes
configure:4459: checking how to print strings
configure:4486: result: printf
configure:4507: checking for a sed that does not truncate output
configure:4571: result: /usr/bin/sed
configure:4589: checking for fgrep
configure:4651: result: /usr/bin/grep -F
configure:4686: checking for ld used by aarch64-linux-android-gcc
configure:4753: result: /home/andrei/hdd/tmp/android_3d/sview/3rdparty/android/build/android-toolchain-arm64/aarch64-linux-android/bin/ld
configure:4760: checking if the linker (/home/andrei/hdd/tmp/android_3d/sview/3rdparty/android/build/android-toolchain-arm64/aarch64-linux-android/bin/ld) is GNU ld
configure:4775: result: yes
configure:4787: checking for BSD- or MS-compatible name lister (nm)
configure:4836: result: /home/andrei/tmp/android_3d/sview/3rdparty/android/build/android-toolchain-arm64/bin/aarch64-linux-android-nm -B
configure:4966: checking the name lister (/home/andrei/tmp/android_3d/sview/3rdparty/android/build/android-toolchain-arm64/bin/aarch64-linux-android-nm -B) interface
configure:4973: aarch64-linux-android-gcc -c -O2 -march=armv8-a  conftest.c >&5
configure:4976: /home/andrei/tmp/android_3d/sview/3rdparty/android/build/android-toolchain-arm64/bin/aarch64-linux-android-nm -B "conftest.o"
configure:4979: output
0000000000000000 B some_variable
configure:4986: result: BSD nm
configure:4989: checking whether ln -s works
configure:4993: result: yes
configure:5001: checking the maximum length of command line arguments
configure:5131: result: 1572864
configure:5148: checking whether the shell understands some XSI constructs
configure:5158: result: yes
configure:5162: checking whether the shell understands "+="
configure:5168: result: yes
configure:5203: checking how to convert x86_64-pc-linux-android file names to aarch64-unknown-linux-android format
configure:5243: result: func_convert_file_noop
configure:5250: checking how to convert x86_64-pc-linux-android file names to toolchain format
configure:5270: result: func_convert_file_noop
configure:5277: checking for /home/andrei/hdd/tmp/android_3d/sview/3rdparty/android/build/android-toolchain-arm64/aarch64-linux-android/bin/ld option to reload object files
configure:5284: result: -r
configure:5318: checking for aarch64-linux-android-objdump
configure:5334: found /home/andrei/tmp/android_3d/sview/3rdparty/android/build/android-toolchain-arm64/bin/aarch64-linux-android-objdump
configure:5345: result: aarch64-linux-android-objdump
configure:5417: checking how to recognize dependent libraries
configure:5619: result: pass_all
configure:5664: checking for aarch64-linux-android-dlltool
configure:5694: result: no
configure:5704: checking for dlltool
configure:5734: result: no
configure:5764: checking how to associate runtime and link libraries
configure:5791: result: printf %s\n
configure:5807: checking for aarch64-linux-android-ar
configure:5823: found /home/andrei/tmp/android_3d/sview/3rdparty/android/build/android-toolchain-arm64/bin/aarch64-linux-android-ar
configure:5834: result: aarch64-linux-android-ar
configure:5915: checking for archiver @FILE support
configure:5932: aarch64-linux-android-gcc -c -O2 -march=armv8-a  conftest.c >&5
configure:5932: $? = 0
configure:5935: aarch64-linux-android-ar cru libconftest.a @conftest.lst >&5
configure:5938: $? = 0
configure:5943: aarch64-linux-android-ar cru libconftest.a @conftest.lst >&5
aarch64-linux-android-ar: conftest.o: No such file or directory
configure:5946: $? = 1
configure:5958: result: @
configure:5976: checking for aarch64-linux-android-strip
configure:6003: result: aarch64-linux-android-strip
configure:6075: checking for aarch64-linux-android-ranlib
configure:6091: found /home/andrei/tmp/android_3d/sview/3rdparty/android/build/android-toolchain-arm64/bin/aarch64-linux-android-ranlib
configure:6102: result: aarch64-linux-android-ranlib
configure:6244: checking command to parse /home/andrei/tmp/android_3d/sview/3rdparty/android/build/android-toolchain-arm64/bin/aarch64-linux-android-nm -B output from aarch64-linux-android-gcc object
configure:6364: aarch64-linux-android-gcc -c -O2 -march=armv8-a  conftest.c >&5
configure:6367: $? = 0
configure:6371: /home/andrei/tmp/android_3d/sview/3rdparty/android/build/android-toolchain-arm64/bin/aarch64-linux-android-nm -B conftest.o \| sed -n -e 's/^.*[ ]\([ABCDGIRSTW][ABCDGIRSTW]*\)[ ][ ]*\([_A-Za-z][_A-Za-z0-9]*\)$/\1 \2 \2/p' | sed '/ __gnu_lto/d' \> conftest.nm
configure:6374: $? = 0
configure:6440: aarch64-linux-android-gcc -o conftest -O2 -march=armv8-a  -L/home/andrei/tmp/android_3d/sview/3rdparty/android/build/android-ndk-r12b/platforms/android-21/arch-arm64/usr/lib -lc -ldl --sysroot=/home/andrei/tmp/android_3d/sview/3rdparty/android/build/android-ndk-r12b/platforms/android-21/arch-arm64  conftest.c conftstm.o >&5
configure:6443: $? = 0
configure:6481: result: ok
configure:6518: checking for sysroot
configure:6548: result: no
configure:6764: checking for aarch64-linux-android-mt
configure:6794: result: no
configure:6804: checking for mt
configure:6820: found /usr/bin/mt
configure:6831: result: mt
configure:6843: WARNING: using cross tools not prefixed with host triplet
configure:6854: checking if mt is a manifest tool
configure:6860: mt '-?'
configure:6868: result: no
configure:7507: checking for dlfcn.h
configure:7507: aarch64-linux-android-gcc -c -O2 -march=armv8-a  conftest.c >&5
configure:7507: $? = 0
configure:7507: result: yes
configure:7713: checking for objdir
configure:7728: result: .libs
configure:7995: checking if aarch64-linux-android-gcc supports -fno-rtti -fno-exceptions
configure:8013: aarch64-linux-android-gcc -c -O2 -march=armv8-a  -fno-rtti -fno-exceptions conftest.c >&5
cc1: warning: command line option '-fno-rtti' is valid for C++/ObjC++ but not for C
configure:8017: $? = 0
configure:8030: result: no
configure:8357: checking for aarch64-linux-android-gcc option to produce PIC
configure:8364: result: -fPIC -DPIC
configure:8372: checking if aarch64-linux-android-gcc PIC flag -fPIC -DPIC works
configure:8390: aarch64-linux-android-gcc -c -O2 -march=armv8-a  -fPIC -DPIC -DPIC conftest.c >&5
configure:8394: $? = 0
configure:8407: result: yes
configure:8436: checking if aarch64-linux-android-gcc static flag -static works
configure:8464: result: no
configure:8479: checking if aarch64-linux-android-gcc supports -c -o file.o
configure:8500: aarch64-linux-android-gcc -c -O2 -march=armv8-a  -o out/conftest2.o conftest.c >&5
configure:8504: $? = 0
configure:8526: result: yes
configure:8534: checking if aarch64-linux-android-gcc supports -c -o file.o
configure:8581: result: yes
configure:8614: checking whether the aarch64-linux-android-gcc linker (/home/andrei/hdd/tmp/android_3d/sview/3rdparty/android/build/android-toolchain-arm64/aarch64-linux-android/bin/ld) supports shared libraries
configure:9767: result: yes
configure:9804: checking whether -lc should be explicitly linked in
configure:9812: aarch64-linux-android-gcc -c -O2 -march=armv8-a  conftest.c >&5
configure:9815: $? = 0
configure:9830: aarch64-linux-android-gcc -shared  -fPIC -DPIC conftest.o  -v -Wl,-soname -Wl,conftest -o conftest 2\>\&1 \| /usr/bin/grep  -lc  \>/dev/null 2\>\&1
configure:9833: $? = 0
configure:9847: result: no
configure:10007: checking dynamic linker characteristics
configure:10518: aarch64-linux-android-gcc -o conftest -O2 -march=armv8-a  -L/home/andrei/tmp/android_3d/sview/3rdparty/android/build/android-ndk-r12b/platforms/android-21/arch-arm64/usr/lib -lc -ldl --sysroot=/home/andrei/tmp/android_3d/sview/3rdparty/android/build/android-ndk-r12b/platforms/android-21/arch-arm64  -Wl,-rpath -Wl,/foo conftest.c  >&5
configure:10518: $? = 0
configure:10740: result: GNU/Linux ld.so
configure:10847: checking how to hardcode library paths into programs
configure:10872: result: immediate
configure:11412: checking whether stripping libraries is possible
configure:11417: result: yes
configure:11452: checking if libtool supports shared libraries
configure:11454: result: yes
configure:11457: checking whether to build shared libraries
configure:11478: result: yes
configure:11481: checking whether to build static libraries
configure:11485: result: yes
configure:11531: checking for aarch64-linux-android-gcc
configure:11558: result: aarch64-linux-android-gcc
configure:11827: checking for C compiler version
configure:11836: aarch64-linux-android-gcc --version >&5
aarch64-linux-android-gcc (GCC) 4.9.x 20150123 (prerelease)
Copyright (C) 2014 Free Software Foundation, Inc.
This is free software; see the source for copying conditions.  There is NO
warranty; not even for MERCHANTABILITY or FITNESS FOR A PARTICULAR PURPOSE.

configure:11847: $? = 0
configure:11836: aarch64-linux-android-gcc -v >&5
Using built-in specs.
COLLECT_GCC=aarch64-linux-android-gcc
COLLECT_LTO_WRAPPER=/home/andrei/hdd/tmp/android_3d/sview/3rdparty/android/build/android-toolchain-arm64/bin/../libexec/gcc/aarch64-linux-android/4.9.x/lto-wrapper
Target: aarch64-linux-android
Configured with: /usr/local/google/buildbot/src/android/gcc/toolchain/build/../gcc/gcc-4.9/configure --prefix=/tmp/8ee0b8157b3409c4b84fff35696d6c90 --target=aarch64-linux-android --host=x86_64-linux-gnu --build=x86_64-linux-gnu --with-gnu-as --with-gnu-ld --enable-languages=c,c++ --with-gmp=/buildbot/tmp/build/toolchain/temp-install --with-mpfr=/buildbot/tmp/build/toolchain/temp-install --with-mpc=/buildbot/tmp/build/toolchain/temp-install --with-cloog=/buildbot/tmp/build/toolchain/temp-install --with-isl=/buildbot/tmp/build/toolchain/temp-install --with-ppl=/buildbot/tmp/build/toolchain/temp-install --disable-ppl-version-check --disable-cloog-version-check --disable-isl-version-check --enable-cloog-backend=isl --with-host-libstdcxx='-static-libgcc -Wl,-Bstatic,-lstdc++,-Bdynamic -lm' --disable-libssp --enable-threads --disable-nls --disable-libmudflap --disable-libgomp --disable-libstdc__-v3 --disable-sjlj-exceptions --disable-shared --disable-tls --disable-libitm --enable-bionic-libs --enable-libatomic-ifuncs=no --enable-initfini-array --disable-nls --prefix=/tmp/8ee0b8157b3409c4b84fff35696d6c90 --with-sysroot=/tmp/8ee0b8157b3409c4b84fff35696d6c90/sysroot --with-binutils-version=2.25 --with-mpfr-version=3.1.1 --with-mpc-version=1.0.1 --with-gmp-version=5.0.5 --with-gcc-version=4.9 --with-gdb-version=none --with-gxx-include-dir=/tmp/8ee0b8157b3409c4b84fff35696d6c90/include/c++/4.9.x --with-bugurl=http://source.android.com/source/report-bugs.html --enable-languages=c,c++ --disable-bootstrap --enable-plugins --enable-libgomp --enable-gnu-indirect-function --disable-libsanitizer --enable-gold --enable-ld=default --enable-threads --enable-eh-frame-hdr-for-static --enable-fix-cortex-a53-835769 --enable-graphite=yes --with-isl-version=0.11.1 --with-cloog-version=0.18.0 --program-transform-name='s&^&aarch64-linux-android-&' --enable-gold
Thread model: posix
gcc version 4.9.x 20150123 (prerelease) (GCC) 
configure:11847: $? = 0
configure:11836: aarch64-linux-android-gcc -V >&5
aarch64-linux-android-gcc: error: unrecognized command line option '-V'
aarch64-linux-android-gcc: fatal error: no input files
compilation terminated.
configure:11847: $? = 1
configure:11836: aarch64-linux-android-gcc -qversion >&5
aarch64-linux-android-gcc: error: unrecognized command line option '-qversion'
aarch64-linux-android-gcc: fatal error: no input files
compilation terminated.
configure:11847: $? = 1
configure:11851: checking whether we are using the GNU C compiler
configure:11879: result: yes
configure:11888: checking whether aarch64-linux-android-gcc accepts -g
configure:11949: result: yes
configure:11966: checking for aarch64-linux-android-gcc option to accept ISO C89
configure:12043: result: none needed
configure:12065: checking dependency style of aarch64-linux-android-gcc
configure:12175: result: gcc3
configure:12191: checking whether aarch64-linux-android-gcc and cc understand -c and -o together
configure:12222: aarch64-linux-android-gcc -c conftest.c -o conftest2.o >&5
configure:12226: $? = 0
configure:12232: aarch64-linux-android-gcc -c conftest.c -o conftest2.o >&5
configure:12236: $? = 0
configure:12247: cc -c conftest.c >&5
configure:12251: $? = 0
configure:12259: cc -c conftest.c -o conftest2.o >&5
configure:12263: $? = 0
configure:12269: cc -c conftest.c -o conftest2.o >&5
configure:12273: $? = 0
configure:12291: result: yes
configure:12428: checking for C++ compiler version
configure:12437: aarch64-linux-android-g++ --version >&5
aarch64-linux-android-g++ (GCC) 4.9.x 20150123 (prerelease)
Copyright (C) 2014 Free Software Foundation, Inc.
This is free software; see the source for copying conditions.  There is NO
warranty; not even for MERCHANTABILITY or FITNESS FOR A PARTICULAR PURPOSE.

configure:12448: $? = 0
configure:12437: aarch64-linux-android-g++ -v >&5
Using built-in specs.
COLLECT_GCC=aarch64-linux-android-g++
COLLECT_LTO_WRAPPER=/home/andrei/hdd/tmp/android_3d/sview/3rdparty/android/build/android-toolchain-arm64/bin/../libexec/gcc/aarch64-linux-android/4.9.x/lto-wrapper
Target: aarch64-linux-android
Configured with: /usr/local/google/buildbot/src/android/gcc/toolchain/build/../gcc/gcc-4.9/configure --prefix=/tmp/8ee0b8157b3409c4b84fff35696d6c90 --target=aarch64-linux-android --host=x86_64-linux-gnu --build=x86_64-linux-gnu --with-gnu-as --with-gnu-ld --enable-languages=c,c++ --with-gmp=/buildbot/tmp/build/toolchain/temp-install --with-mpfr=/buildbot/tmp/build/toolchain/temp-install --with-mpc=/buildbot/tmp/build/toolchain/temp-install --with-cloog=/buildbot/tmp/build/toolchain/temp-install --with-isl=/buildbot/tmp/build/toolchain/temp-install --with-ppl=/buildbot/tmp/build/toolchain/temp-install --disable-ppl-version-check --disable-cloog-version-check --disable-isl-version-check --enable-cloog-backend=isl --with-host-libstdcxx='-static-libgcc -Wl,-Bstatic,-lstdc++,-Bdynamic -lm' --disable-libssp --enable-threads --disable-nls --disable-libmudflap --disable-libgomp --disable-libstdc__-v3 --disable-sjlj-exceptions --disable-shared --disable-tls --disable-libitm --enable-bionic-libs --enable-libatomic-ifuncs=no --enable-initfini-array --disable-nls --prefix=/tmp/8ee0b8157b3409c4b84fff35696d6c90 --with-sysroot=/tmp/8ee0b8157b3409c4b84fff35696d6c90/sysroot --with-binutils-version=2.25 --with-mpfr-version=3.1.1 --with-mpc-version=1.0.1 --with-gmp-version=5.0.5 --with-gcc-version=4.9 --with-gdb-version=none --with-gxx-include-dir=/tmp/8ee0b8157b3409c4b84fff35696d6c90/include/c++/4.9.x --with-bugurl=http://source.android.com/source/report-bugs.html --enable-languages=c,c++ --disable-bootstrap --enable-plugins --enable-libgomp --enable-gnu-indirect-function --disable-libsanitizer --enable-gold --enable-ld=default --enable-threads --enable-eh-frame-hdr-for-static --enable-fix-cortex-a53-835769 --enable-graphite=yes --with-isl-version=0.11.1 --with-cloog-version=0.18.0 --program-transform-name='s&^&aarch64-linux-android-&' --enable-gold
Thread model: posix
gcc version 4.9.x 20150123 (prerelease) (GCC) 
configure:12448: $? = 0
configure:12437: aarch64-linux-android-g++ -V >&5
aarch64-linux-android-g++: error: unrecognized command line option '-V'
aarch64-linux-android-g++: fatal error: no input files
compilation terminated.
configure:12448: $? = 1
configure:12437: aarch64-linux-android-g++ -qversion >&5
aarch64-linux-android-g++: error: unrecognized command line option '-qversion'
aarch64-linux-android-g++: fatal error: no input files
compilation terminated.
configure:12448: $? = 1
configure:12452: checking whether we are using the GNU C++ compiler
configure:12471: aarch64-linux-android-g++ -c -O2 -march=armv8-a  conftest.cpp >&5
configure:12471: $? = 0
configure:12480: result: yes
configure:12489: checking whether aarch64-linux-android-g++ accepts -g
configure:12509: aarch64-linux-android-g++ -c -g  conftest.cpp >&5
configure:12509: $? = 0
configure:12550: result: yes
configure:12575: checking dependency style of aarch64-linux-android-g++
configure:12685: result: gcc3
configure:12718: checking how to run the C++ preprocessor
configure:12745: aarch64-linux-android-g++ -E  conftest.cpp
configure:12745: $? = 0
configure:12759: aarch64-linux-android-g++ -E  conftest.cpp
conftest.cpp:29:28: fatal error: ac_nonexistent.h: No such file or directory
 #include <ac_nonexistent.h>
                            ^
compilation terminated.
configure:12759: $? = 1
configure: failed program was:
| /* confdefs.h */
| #define PACKAGE_NAME "libconfig"
| #define PACKAGE_TARNAME "libconfig"
| #define PACKAGE_VERSION "1.4.9"
| #define PACKAGE_STRING "libconfig 1.4.9"
| #define PACKAGE_BUGREPORT "hyperrealm@gmail.com"
| #define PACKAGE_URL "http://www.hyperrealm.com/main.php?s=libconfig"
| #define PACKAGE "libconfig"
| #define VERSION "1.4.9"
| #define TARGET "aarch64-unknown-linux-android"
| #define STDC_HEADERS 1
| #define HAVE_SYS_TYPES_H 1
| #define HAVE_SYS_STAT_H 1
| #define HAVE_STDLIB_H 1
| #define HAVE_STRING_H 1
| #define HAVE_MEMORY_H 1
| #define HAVE_STRINGS_H 1
| #define HAVE_INTTYPES_H 1
| #define HAVE_STDINT_H 1
| #define HAVE_UNISTD_H 1
| #define __EXTENSIONS__ 1
| #define _ALL_SOURCE 1
| #define _GNU_SOURCE 1
| #define _POSIX_PTHREAD_SEMANTICS 1
| #define _TANDEM_SOURCE 1
| #define HAVE_DLFCN_H 1
| #define LT_OBJDIR ".libs/"
| /* end confdefs.h.  */
| #include <ac_nonexistent.h>
configure:12784: result: aarch64-linux-android-g++ -E
configure:12804: aarch64-linux-android-g++ -E  conftest.cpp
configure:12804: $? = 0
configure:12818: aarch64-linux-android-g++ -E  conftest.cpp
conftest.cpp:29:28: fatal error: ac_nonexistent.h: No such file or directory
 #include <ac_nonexistent.h>
                            ^
compilation terminated.
configure:12818: $? = 1
configure: failed program was:
| /* confdefs.h */
| #define PACKAGE_NAME "libconfig"
| #define PACKAGE_TARNAME "libconfig"
| #define PACKAGE_VERSION "1.4.9"
| #define PACKAGE_STRING "libconfig 1.4.9"
| #define PACKAGE_BUGREPORT "hyperrealm@gmail.com"
| #define PACKAGE_URL "http://www.hyperrealm.com/main.php?s=libconfig"
| #define PACKAGE "libconfig"
| #define VERSION "1.4.9"
| #define TARGET "aarch64-unknown-linux-android"
| #define STDC_HEADERS 1
| #define HAVE_SYS_TYPES_H 1
| #define HAVE_SYS_STAT_H 1
| #define HAVE_STDLIB_H 1
| #define HAVE_STRING_H 1
| #define HAVE_MEMORY_H 1
| #define HAVE_STRINGS_H 1
| #define HAVE_INTTYPES_H 1
| #define HAVE_STDINT_H 1
| #define HAVE_UNISTD_H 1
| #define __EXTENSIONS__ 1
| #define _ALL_SOURCE 1
| #define _GNU_SOURCE 1
| #define _POSIX_PTHREAD_SEMANTICS 1
| #define _TANDEM_SOURCE 1
| #define HAVE_DLFCN_H 1
| #define LT_OBJDIR ".libs/"
| /* end confdefs.h.  */
| #include <ac_nonexistent.h>
configure:12987: checking for ld used by aarch64-linux-android-g++
configure:13054: result: /home/andrei/hdd/tmp/android_3d/sview/3rdparty/android/build/android-toolchain-arm64/aarch64-linux-android/bin/ld
configure:13061: checking if the linker (/home/andrei/hdd/tmp/android_3d/sview/3rdparty/android/build/android-toolchain-arm64/aarch64-linux-android/bin/ld) is GNU ld
configure:13076: result: yes
configure:13131: checking whether the aarch64-linux-android-g++ linker (/home/andrei/hdd/tmp/android_3d/sview/3rdparty/android/build/android-toolchain-arm64/aarch64-linux-android/bin/ld) supports shared libraries
configure:14136: result: yes
configure:14172: aarch64-linux-android-g++ -c -O2 -march=armv8-a  conftest.cpp >&5
configure:14175: $? = 0
configure:14695: checking for aarch64-linux-android-g++ option to produce PIC
configure:14702: result: -fPIC -DPIC
configure:14710: checking if aarch64-linux-android-g++ PIC flag -fPIC -DPIC works
configure:14728: aarch64-linux-android-g++ -c -O2 -march=armv8-a  -fPIC -DPIC -DPIC conftest.cpp >&5
configure:14732: $? = 0
configure:14745: result: yes
configure:14768: checking if aarch64-linux-android-g++ static flag -static works
configure:14796: result: no
configure:14808: checking if aarch64-linux-android-g++ supports -c -o file.o
configure:14829: aarch64-linux-android-g++ -c -O2 -march=armv8-a  -o out/conftest2.o conftest.cpp >&5
configure:14833: $? = 0
configure:14855: result: yes
configure:14860: checking if aarch64-linux-android-g++ supports -c -o file.o
configure:14907: result: yes
configure:14937: checking whether the aarch64-linux-android-g++ linker (/home/andrei/hdd/tmp/android_3d/sview/3rdparty/android/build/android-toolchain-arm64/aarch64-linux-android/bin/ld) supports shared libraries
configure:14973: result: yes
configure:15114: checking dynamic linker characteristics
configure:15781: result: GNU/Linux ld.so
configure:15834: checking how to hardcode library paths into programs
configure:15859: result: immediate
configure:16202: checking for flex
configure:16232: result: no
configure:16202: checking for lex
configure:16232: result: no
configure:16373: checking for bison
configure:16403: result: no
configure:16373: checking for byacc
configure:16403: result: no
configure:16422: checking for compiler switch to enable full C/C++ warnings
configure:16443: result: (cannot determine)
configure:16448: checking for ANSI C header files
configure:16552: result: yes
configure:16563: checking for unistd.h
configure:16563: result: yes
configure:16563: checking for stdint.h
configure:16563: result: yes
configure:16563: checking xlocale.h usability
configure:16563: aarch64-linux-android-gcc -c -O2 -march=armv8-a  conftest.c >&5
configure:16563: $? = 0
configure:16563: result: yes
configure:16563: checking xlocale.h presence
configure:16563: aarch64-linux-android-gcc -E  conftest.c
configure:16563: $? = 0
configure:16563: result: yes
configure:16563: checking for xlocale.h
configure:16563: result: yes
configure:16574: checking for an ANSI C-conforming const
configure:16639: aarch64-linux-android-gcc -c -O2 -march=armv8-a  conftest.c >&5
configure:16639: $? = 0
configure:16646: result: yes
configure:16659: checking for newlocale
configure:16659: aarch64-linux-android-gcc -o conftest -O2 -march=armv8-a  -L/home/andrei/tmp/android_3d/sview/3rdparty/android/build/android-ndk-r12b/platforms/android-21/arch-arm64/usr/lib -lc -ldl --sysroot=/home/andrei/tmp/android_3d/sview/3rdparty/android/build/android-ndk-r12b/platforms/android-21/arch-arm64  conftest.c  >&5
configure:16659: $? = 0
configure:16659: result: yes
configure:16659: checking for uselocale
configure:16659: aarch64-linux-android-gcc -o conftest -O2 -march=armv8-a  -L/home/andrei/tmp/android_3d/sview/3rdparty/android/build/android-ndk-r12b/platforms/android-21/arch-arm64/usr/lib -lc -ldl --sysroot=/home/andrei/tmp/android_3d/sview/3rdparty/android/build/android-ndk-r12b/platforms/android-21/arch-arm64  conftest.c  >&5
configure:16659: $? = 0
configure:16659: result: yes
configure:16659: checking for freelocale
configure:16659: aarch64-linux-android-gcc -o conftest -O2 -march=armv8-a  -L/home/andrei/tmp/android_3d/sview/3rdparty/android/build/android-ndk-r12b/platforms/android-21/arch-arm64/usr/lib -lc -ldl --sysroot=/home/andrei/tmp/android_3d/sview/3rdparty/android/build/android-ndk-r12b/platforms/android-21/arch-arm64  conftest.c  >&5
configure:16659: $? = 0
configure:16659: result: yes
configure:16874: creating ./config.status

## ---------------------- ##
## Running config.status. ##
## ---------------------- ##

This file was extended by libconfig config.status 1.4.9, which was
generated by GNU Autoconf 2.68.  Invocation command line was

  CONFIG_FILES    = 
  CONFIG_HEADERS  = 
  CONFIG_LINKS    = 
  CONFIG_COMMANDS = 
  $ ./config.status 

on AsusG16

config.status:1192: creating Makefile
config.status:1192: creating lib/Makefile
config.status:1192: creating lib/libconfig.pc
config.status:1192: creating lib/libconfig++.pc
config.status:1192: creating doc/Makefile
config.status:1192: creating examples/Makefile
config.status:1192: creating examples/c/Makefile
config.status:1192: creating examples/c++/Makefile
config.status:1192: creating tinytest/Makefile
config.status:1192: creating tests/Makefile
config.status:1192: creating libconfig.spec
config.status:1192: creating ac_config.h
config.status:1373: ac_config.h is unchanged
config.status:1421: executing depfiles commands
config.status:1421: executing libtool commands

## ---------------- ##
## Cache variables. ##
## ---------------- ##

ac_cv_build=x86_64-pc-linux-android
ac_cv_c_compiler_gnu=yes
ac_cv_c_const=yes
ac_cv_cxx_compiler_gnu=yes
ac_cv_env_CCC_set=
ac_cv_env_CCC_value=
ac_cv_env_CC_set=set
ac_cv_env_CC_value=aarch64-linux-android-gcc
ac_cv_env_CFLAGS_set=set
ac_cv_env_CFLAGS_value='-O2 -march=armv8-a'
ac_cv_env_CPPFLAGS_set=
ac_cv_env_CPPFLAGS_value=
ac_cv_env_CPP_set=
ac_cv_env_CPP_value=
ac_cv_env_CXXCPP_set=
ac_cv_env_CXXCPP_value=
ac_cv_env_CXXFLAGS_set=set
ac_cv_env_CXXFLAGS_value='-O2 -march=armv8-a'
ac_cv_env_CXX_set=set
ac_cv_env_CXX_value=aarch64-linux-android-g++
ac_cv_env_LDFLAGS_set=set
ac_cv_env_LDFLAGS_value='-L/home/andrei/tmp/android_3d/sview/3rdparty/android/build/android-ndk-r12b/platforms/android-21/arch-arm64/usr/lib -lc -ldl --sysroot=/home/andrei/tmp/android_3d/sview/3rdparty/android/build/android-ndk-r12b/platforms/android-21/arch-arm64 '
ac_cv_env_LIBS_set=
ac_cv_env_LIBS_value=
ac_cv_env_YACC_set=
ac_cv_env_YACC_value=
ac_cv_env_YFLAGS_set=
ac_cv_env_YFLAGS_value=
ac_cv_env_build_alias_set=
ac_cv_env_build_alias_value=
ac_cv_env_host_alias_set=set
ac_cv_env_host_alias_value=aarch64-linux-android
ac_cv_env_target_alias_set=
ac_cv_env_target_alias_value=
ac_cv_func_freelocale=yes
ac_cv_func_newlocale=yes
ac_cv_func_uselocale=yes
ac_cv_header_dlfcn_h=yes
ac_cv_header_inttypes_h=yes
ac_cv_header_memory_h=yes
ac_cv_header_minix_config_h=no
ac_cv_header_stdc=yes
ac_cv_header_stdint_h=yes
ac_cv_header_stdlib_h=yes
ac_cv_header_string_h=yes
ac_cv_header_strings_h=yes
ac_cv_header_sys_stat_h=yes
ac_cv_header_sys_types_h=yes
ac_cv_header_unistd_h=yes
ac_cv_header_xlocale_h=yes
ac_cv_host=aarch64-unknown-linux-android
ac_cv_objext=o
ac_cv_path_EGREP='/usr/bin/grep -E'
ac_cv_path_FGREP='/usr/bin/grep -F'
ac_cv_path_GREP=/usr/bin/grep
ac_cv_path_SED=/usr/bin/sed
ac_cv_path_install='/usr/bin/install -c'
ac_cv_path_mkdir=/usr/bin/mkdir
ac_cv_prog_AR=aarch64-linux-android-ar
ac_cv_prog_AWK=gawk
ac_cv_prog_CC=aarch64-linux-android-gcc
ac_cv_prog_CPP='aarch64-linux-android-gcc -E'
ac_cv_prog_CXXCPP='aarch64-linux-android-g++ -E'
ac_cv_prog_OBJDUMP=aarch64-linux-android-objdump
ac_cv_prog_RANLIB=aarch64-linux-android-ranlib
ac_cv_prog_STRIP=aarch64-linux-android-strip
ac_cv_prog_ac_ct_MANIFEST_TOOL=mt
ac_cv_prog_cc_aarch64_linux_android_gcc_c_o=yes
ac_cv_prog_cc_c89=
ac_cv_prog_cc_g=yes
ac_cv_prog_cxx_g=yes
ac_cv_prog_make_make_set=yes
ac_cv_safe_to_define___extensions__=yes
ac_cv_target=aarch64-unknown-linux-android
am_cv_CC_dependencies_compiler_type=gcc3
am_cv_CXX_dependencies_compiler_type=gcc3
lt_cv_ar_at_file=@
lt_cv_archive_cmds_need_lc=no
lt_cv_deplibs_check_method=pass_all
lt_cv_file_magic_cmd='$MAGIC_CMD'
lt_cv_file_magic_test_file=
lt_cv_ld_reload_flag=-r
lt_cv_nm_interface='BSD nm'
lt_cv_objdir=.libs
lt_cv_path_LD=/home/andrei/hdd/tmp/android_3d/sview/3rdparty/android/build/android-toolchain-arm64/aarch64-linux-android/bin/ld
lt_cv_path_LDCXX=/home/andrei/hdd/tmp/android_3d/sview/3rdparty/android/build/android-toolchain-arm64/aarch64-linux-android/bin/ld
lt_cv_path_NM='/home/andrei/tmp/android_3d/sview/3rdparty/android/build/android-toolchain-arm64/bin/aarch64-linux-android-nm -B'
lt_cv_path_mainfest_tool=no
lt_cv_prog_compiler_c_o=yes
lt_cv_prog_compiler_c_o_CXX=yes
lt_cv_prog_compiler_pic='-fPIC -DPIC'
lt_cv_prog_compiler_pic_CXX='-fPIC -DPIC'
lt_cv_prog_compiler_pic_works=yes
lt_cv_prog_compiler_pic_works_CXX=yes
lt_cv_prog_compiler_rtti_exceptions=no
lt_cv_prog_compiler_static_works=no
lt_cv_prog_compiler_static_works_CXX=no
lt_cv_prog_gnu_ld=yes
lt_cv_prog_gnu_ldcxx=yes
lt_cv_sharedlib_from_linklib_cmd='printf %s\n'
lt_cv_shlibpath_overrides_runpath=no
lt_cv_sys_global_symbol_pipe='sed -n -e '\''s/^.*[	 ]\([ABCDGIRSTW][ABCDGIRSTW]*\)[	 ][	 ]*\([_A-Za-z][_A-Za-z0-9]*\)$/\1 \2 \2/p'\'' | sed '\''/ __gnu_lto/d'\'''
lt_cv_sys_global_symbol_to_c_name_address='sed -n -e '\''s/^: \([^ ]*\)[ ]*$/  {\"\1\", (void *) 0},/p'\'' -e '\''s/^[ABCDGIRSTW]* \([^ ]*\) \([^ ]*\)$/  {"\2", (void *) \&\2},/p'\'''
lt_cv_sys_global_symbol_to_c_name_address_lib_prefix='sed -n -e '\''s/^: \([^ ]*\)[ ]*$/  {\"\1\", (void *) 0},/p'\'' -e '\''s/^[ABCDGIRSTW]* \([^ ]*\) \(lib[^ ]*\)$/  {"\2", (void *) \&\2},/p'\'' -e '\''s/^[ABCDGIRSTW]* \([^ ]*\) \([^ ]*\)$/  {"lib\2", (void *) \&\2},/p'\'''
lt_cv_sys_global_symbol_to_cdecl='sed -n -e '\''s/^T .* \(.*\)$/extern int \1();/p'\'' -e '\''s/^[ABCDGIRSTW]* .* \(.*\)$/extern char \1;/p'\'''
lt_cv_sys_max_cmd_len=1572864
lt_cv_to_host_file_cmd=func_convert_file_noop
lt_cv_to_tool_file_cmd=func_convert_file_noop

## ----------------- ##
## Output variables. ##
## ----------------- ##

ACLOCAL='${SHELL} /home/andrei/tmp/android_3d/sview/3rdparty/android/build/libconfig-1.4.9-android/aux-build/missing --run aclocal-1.11'
AMDEPBACKSLASH='\'
AMDEP_FALSE='#'
AMDEP_TRUE=''
AMTAR='${SHELL} /home/andrei/tmp/android_3d/sview/3rdparty/android/build/libconfig-1.4.9-android/aux-build/missing --run tar'
AR='aarch64-linux-android-ar'
AS='as'
AUTOCONF='${SHELL} /home/andrei/tmp/android_3d/sview/3rdparty/android/build/libconfig-1.4.9-android/aux-build/missing --run autoconf'
AUTOHEADER='${SHELL} /home/andrei/tmp/android_3d/sview/3rdparty/android/build/libconfig-1.4.9-android/aux-build/missing --run autoheader'
AUTOMAKE='${SHELL} /home/andrei/tmp/android_3d/sview/3rdparty/android/build/libconfig-1.4.9-android/aux-build/missing --run automake-1.11'
AWK='gawk'
BUILDCXX_FALSE='#'
BUILDCXX_TRUE=''
BUILDEXAMPLES_FALSE=''
BUILDEXAMPLES_TRUE='#'
CC='aarch64-linux-android-gcc'
CCDEPMODE='depmode=gcc3'
CFLAGS='-O2 -march=armv8-a'
CPP='aarch64-linux-android-gcc -E'
CPPFLAGS=''
CXX='aarch64-linux-android-g++'
CXXCPP='aarch64-linux-android-g++ -E'
CXXDEPMODE='depmode=gcc3'
CXXFLAGS='-O2 -march=armv8-a'
CYGPATH_W='echo'
DEFS='-DHAVE_CONFIG_H'
DEPDIR='.deps'
DLLTOOL='false'
DSYMUTIL=''
DUMPBIN=''
ECHO_C=''
ECHO_N='-n'
ECHO_T=''
EGREP='/usr/bin/grep -E'
EXEEXT=''
FGREP='/usr/bin/grep -F'
GNU_WIN_FALSE=''
GNU_WIN_TRUE='#'
GREP='/usr/bin/grep'
INSTALL_DATA='${INSTALL} -m 644'
INSTALL_PROGRAM='${INSTALL}'
INSTALL_SCRIPT='${INSTALL}'
INSTALL_STRIP_PROGRAM='$(install_sh) -c -s'
LD='/home/andrei/hdd/tmp/android_3d/sview/3rdparty/android/build/android-toolchain-arm64/aarch64-linux-android/bin/ld'
LDFLAGS='-L/home/andrei/tmp/android_3d/sview/3rdparty/android/build/android-ndk-r12b/platforms/android-21/arch-arm64/usr/lib -lc -ldl --sysroot=/home/andrei/tmp/android_3d/sview/3rdparty/android/build/android-ndk-r12b/platforms/android-21/arch-arm64 '
LEX='${SHELL} /home/andrei/tmp/android_3d/sview/3rdparty/android/build/libconfig-1.4.9-android/aux-build/missing --run flex'
LEXLIB=''
LEX_OUTPUT_ROOT=''
LIBOBJS=''
LIBS=''
LIBTOOL='$(SHELL) $(top_builddir)/libtool'
LIPO=''
LN_S='ln -s'
LTLIBOBJS=''
MAKEINFO='${SHELL} /home/andrei/tmp/android_3d/sview/3rdparty/android/build/libconfig-1.4.9-android/aux-build/missing --run makeinfo'
MANIFEST_TOOL=':'
MKDIR_P='/usr/bin/mkdir -p'
NM='/home/andrei/tmp/android_3d/sview/3rdparty/android/build/android-toolchain-arm64/bin/aarch64-linux-android-nm -B'
NMEDIT=''
OBJDUMP='aarch64-linux-android-objdump'
OBJEXT='o'
OTOOL64=''
OTOOL=''
PACKAGE='libconfig'
PACKAGE_BUGREPORT='hyperrealm@gmail.com'
PACKAGE_NAME='libconfig'
PACKAGE_STRING='libconfig 1.4.9'
PACKAGE_TARNAME='libconfig'
PACKAGE_URL='http://www.hyperrealm.com/main.php?s=libconfig'
PACKAGE_VERSION='1.4.9'
PATH_SEPARATOR=':'
RANLIB='aarch64-linux-android-ranlib'
SED='/usr/bin/sed'
SET_MAKE=''
SHELL='/bin/bash'
STRIP='aarch64-linux-android-strip'
VERSION='1.4.9'
YACC='yacc'
YFLAGS=''
ac_ct_AR=''
ac_ct_CC=''
ac_ct_CXX=''
ac_ct_DUMPBIN=''
am__EXEEXT_FALSE=''
am__EXEEXT_TRUE='#'
am__fastdepCC_FALSE='#'
am__fastdepCC_TRUE=''
am__fastdepCXX_FALSE='#'
am__fastdepCXX_TRUE=''
am__include='include'
am__isrc=''
am__leading_dot='.'
am__quote=''
am__tar='${AMTAR} chof - "$$tardir"'
am__untar='${AMTAR} xf -'
bindir='${exec_prefix}/bin'
build='x86_64-pc-linux-android'
build_alias=''
build_cpu='x86_64'
build_os='linux-android'
build_vendor='pc'
datadir='${datarootdir}'
datarootdir='${prefix}/share'
docdir='${datarootdir}/doc/${PACKAGE_TARNAME}'
dvidir='${docdir}'
exec_prefix='${prefix}'
host='aarch64-unknown-linux-android'
host_alias='aarch64-linux-android'
host_cpu='aarch64'
host_os='linux-android'
host_vendor='unknown'
htmldir='${docdir}'
includedir='${prefix}/include'
infodir='${datarootdir}/info'
install_sh='${SHELL} /home/andrei/tmp/android_3d/sview/3rdparty/android/build/libconfig-1.4.9-android/aux-build/install-sh'
libdir='${exec_prefix}/lib'
libexecdir='${exec_prefix}/libexec'
localedir='${datarootdir}/locale'
localstatedir='${prefix}/var'
mandir='${datarootdir}/man'
mkdir_p='/usr/bin/mkdir -p'
oldincludedir='/usr/include'
pdfdir='${docdir}'
prefix='/usr/local'
program_transform_name='s,x,x,'
psdir='${docdir}'
sbindir='${exec_prefix}/sbin'
sharedstatedir='${prefix}/com'
sysconfdir='${prefix}/etc'
target='aarch64-unknown-linux-android'
target_alias=''
target_cpu='aarch64'
target_os='linux-android'
target_vendor='unknown'

## ----------- ##
## confdefs.h. ##
## ----------- ##

/* confdefs.h */
#define PACKAGE_NAME "libconfig"
#define PACKAGE_TARNAME "libconfig"
#define PACKAGE_VERSION "1.4.9"
#define PACKAGE_STRING "libconfig 1.4.9"
#define PACKAGE_BUGREPORT "hyperrealm@gmail.com"
#define PACKAGE_URL "http://www.hyperrealm.com/main.php?s=libconfig"
#define PACKAGE "libconfig"
#define VERSION "1.4.9"
#define TARGET "aarch64-unknown-linux-android"
#define STDC_HEADERS 1
#define HAVE_SYS_TYPES_H 1
#define HAVE_SYS_STAT_H 1
#define HAVE_STDLIB_H 1
#define HAVE_STRING_H 1
#define HAVE_MEMORY_H 1
#define HAVE_STRINGS_H 1
#define HAVE_INTTYPES_H 1
#define HAVE_STDINT_H 1
#define HAVE_UNISTD_H 1
#define __EXTENSIONS__ 1
#define _ALL_SOURCE 1
#define _GNU_SOURCE 1
#define _POSIX_PTHREAD_SEMANTICS 1
#define _TANDEM_SOURCE 1
#define HAVE_DLFCN_H 1
#define LT_OBJDIR ".libs/"
#define STDC_HEADERS 1
#define HAVE_UNISTD_H 1
#define HAVE_STDINT_H 1
#define HAVE_XLOCALE_H 1
#define HAVE_NEWLOCALE 1
#define HAVE_USELOCALE 1
#define HAVE_FREELOCALE 1

configure: exit 0
