-- Looking for stddef.h
-- Looking for stddef.h - found
-- Check size of long
-- Check size of long - done
-- Check size of long long
-- Check size of long long - done
-- Performing Test HAVE_STD_C11
-- Performing Test HAVE_STD_C11 - Success
-- Looking for posix_memalign
-- Looking for posix_memalign - found
-- Checking _FILE_OFFSET_BITS for large files
-- Checking _FILE_OFFSET_BITS for large files - not needed
-- Performing Test INLINE_IS_C99
-- Performing Test INLINE_IS_C99 - Success
-- Performing Test HAVE_C99_VLA
-- Performing Test HAVE_C99_VLA - Success
-- Performing Test HAVE_C99_BOOL
-- Performing Test HAVE_C99_BOOL - Success
-- Performing Test HAVE_C11_STATIC_ASSERT
-- Performing Test HAVE_C11_STATIC_ASSERT - Success
-- Performing Test HAVE_C11_ALIGNAS
-- Performing Test HAVE_C11_ALIGNAS - Success
-- Performing Test HAVE_C11_ATOMIC
-- Performing Test HAVE_C11_ATOMIC - Failed
-- Performing Test HAVE_W_EXTRA
-- Performing Test HAVE_W_EXTRA - Success
-- Performing Test HAVE_GCC_DESTRUCTOR
-- Performing Test HAVE_GCC_DESTRUCTOR - Success
-- Performing Test HAVE_GCC_PROTECTED_VISIBILITY
-- Performing Test HAVE_GCC_PROTECTED_VISIBILITY - Success
-- Performing Test HAVE_VISIBILITY_HIDDEN_SWITCH
-- Performing Test HAVE_VISIBILITY_HIDDEN_SWITCH - Success
-- Performing Test HAVE_ATTRIBUTE_ALIGNED
-- Performing Test HAVE_ATTRIBUTE_ALIGNED - Success
-- Performing Test HAVE_MSSE_SWITCH
-- Performing Test HAVE_MSSE_SWITCH - Failed
-- Performing Test HAVE_MSSE2_SWITCH
-- Performing Test HAVE_MSSE2_SWITCH - Failed
-- Performing Test HAVE_MSSE3_SWITCH
-- Performing Test HAVE_MSSE3_SWITCH - Failed
-- Performing Test HAVE_MSSE4_1_SWITCH
-- Performing Test HAVE_MSSE4_1_SWITCH - Failed
-- Performing Test HAVE_GCC_FORMAT
-- Performing Test HAVE_GCC_FORMAT - Success
-- Looking for stdbool.h
-- Looking for stdbool.h - found
-- Looking for stdalign.h
-- Looking for stdalign.h - found
-- Looking for malloc.h
-- Looking for malloc.h - found
-- Looking for dirent.h
-- Looking for dirent.h - found
-- Looking for strings.h
-- Looking for strings.h - found
-- Looking for cpuid.h
-- Looking for cpuid.h - not found
-- Looking for intrin.h
-- Looking for intrin.h - not found
-- Looking for sys/sysconf.h
-- Looking for sys/sysconf.h - found
-- Looking for fenv.h
-- Looking for fenv.h - found
-- Looking for float.h
-- Looking for float.h - found
-- Looking for ieeefp.h
-- Looking for ieeefp.h - not found
-- Looking for guiddef.h
-- Looking for guiddef.h - not found
-- Looking for initguid.h
-- Looking for initguid.h - not found
-- Looking for pow in m
-- Looking for pow in m - found
-- Looking for dlopen in dl
-- Looking for dlopen in dl - found
-- Looking for dlfcn.h
-- Looking for dlfcn.h - found
-- Looking for aligned_alloc
-- Looking for aligned_alloc - not found
-- Looking for posix_memalign
-- Looking for posix_memalign - found
-- Looking for _aligned_malloc
-- Looking for _aligned_malloc - not found
-- Looking for lrintf
-- Looking for lrintf - found
-- Looking for modff
-- Looking for modff - found
-- Looking for _controlfp
-- Looking for _controlfp - not found
-- Looking for __control87_2
-- Looking for __control87_2 - not found
-- Looking for stat
-- Looking for stat - found
-- Looking for strtof
-- Looking for strtof - found
-- Looking for strcasecmp
-- Looking for strcasecmp - found
-- Looking for strncasecmp
-- Looking for strncasecmp - found
-- Looking for strnlen
-- Looking for strnlen - found
-- Looking for snprintf
-- Looking for snprintf - found
-- Looking for isfinite
-- Looking for isfinite - found
-- Looking for isnan
-- Looking for isnan - found
-- Looking for windows.h
-- Looking for windows.h - not found
-- Looking for gettimeofday
-- Looking for gettimeofday - found
-- Looking for nanosleep
-- Looking for nanosleep - found
-- Looking for pthread.h
-- Looking for pthread.h - found
-- Looking for include files pthread.h, pthread_np.h
-- Looking for include files pthread.h, pthread_np.h - not found
-- Performing Test HAVE_PTHREAD
-- Performing Test HAVE_PTHREAD - Success
-- Looking for pthread_create in pthread
-- Looking for pthread_create in pthread - not found
-- Looking for pthread_setschedparam
-- Looking for pthread_setschedparam - found
-- Looking for pthread_setname_np
-- Looking for pthread_setname_np - found
-- Performing Test PTHREAD_SETNAME_NP_ONE_PARAM
-- Performing Test PTHREAD_SETNAME_NP_ONE_PARAM - Failed
-- Looking for pthread_mutexattr_setkind_np
-- Looking for pthread_mutexattr_setkind_np - not found
-- Looking for pthread_mutex_timedlock
-- Looking for pthread_mutex_timedlock - found
-- Looking for clock_gettime in rt
-- Looking for clock_gettime in rt - not found
-- Looking for xmmintrin.h
-- Looking for xmmintrin.h - not found
-- Looking for emmintrin.h
-- Looking for emmintrin.h - not found
-- Looking for pmmintrin.h
-- Looking for pmmintrin.h - not found
-- Looking for smmintrin.h
-- Looking for smmintrin.h - not found
-- Looking for arm_neon.h
-- Looking for arm_neon.h - found
-- Could NOT find ALSA (missing: ALSA_LIBRARY ALSA_INCLUDE_DIR) 
-- Could NOT find OSS (missing: OSS_INCLUDE_DIR) 
-- Could NOT find AudioIO (missing: AUDIOIO_INCLUDE_DIR) 
-- Could NOT find SoundIO (missing: SOUNDIO_LIBRARY SOUNDIO_INCLUDE_DIR) 
-- Could NOT find QSA (missing: QSA_LIBRARY QSA_INCLUDE_DIR) 
-- Could NOT find PortAudio (missing: PORTAUDIO_LIBRARY PORTAUDIO_INCLUDE_DIR) 
-- Could NOT find PulseAudio (missing: PULSEAUDIO_LIBRARY PULSEAUDIO_INCLUDE_DIR) 
-- Could NOT find JACK (missing: JACK_LIBRARY JACK_INCLUDE_DIR) 
-- Looking for include files SLES/OpenSLES.h, SLES/OpenSLES_Android.h
-- Looking for include files SLES/OpenSLES.h, SLES/OpenSLES_Android.h - found
-- Looking for slCreateEngine in OpenSLES
-- Looking for slCreateEngine in OpenSLES - found
-- 
-- Building OpenAL with support for the following backends:
--      OpenSL, Null
-- 
-- Building with support for CPU extensions:
--     Default, Neon
-- 
-- Installing sample configuration
-- 
-- Installing HRTF definitions
-- 
-- Configuring done (10.3s)
-- Generating done (0.0s)
-- Build files have been written to: /home/andrei/tmp/android_3d/sview/3rdparty/android/build/openal-soft-1.17.2/build/android-arm64-v8a-make
[  2%] Building C object CMakeFiles/common.dir/common/atomic.c.o
[  4%] Building C object CMakeFiles/common.dir/common/rwlock.c.o
[  6%] Building C object CMakeFiles/common.dir/common/threads.c.o
[  9%] Building C object CMakeFiles/common.dir/common/uintmap.c.o
[ 11%] Linking C static library libcommon.a
[ 11%] Built target common
[ 13%] Building C object CMakeFiles/openal.dir/OpenAL32/alFilter.c.o
[ 15%] Building C object CMakeFiles/openal.dir/OpenAL32/alExtension.c.o
[ 18%] Building C object CMakeFiles/openal.dir/OpenAL32/alSource.c.o
[ 20%] Building C object CMakeFiles/openal.dir/OpenAL32/sample_cvt.c.o
[ 22%] Building C object CMakeFiles/openal.dir/Alc/ALc.c.o
[ 25%] Building C object CMakeFiles/openal.dir/OpenAL32/alListener.c.o
[ 27%] Building C object CMakeFiles/openal.dir/Alc/ALu.c.o
[ 29%] Building C object CMakeFiles/openal.dir/Alc/alcConfig.c.o
[ 31%] Building C object CMakeFiles/openal.dir/Alc/alcRing.c.o
[ 34%] Building C object CMakeFiles/openal.dir/OpenAL32/alAuxEffectSlot.c.o
[ 36%] Building C object CMakeFiles/openal.dir/Alc/bs2b.c.o
[ 38%] Building C object CMakeFiles/openal.dir/OpenAL32/alEffect.c.o
[ 40%] Building C object CMakeFiles/openal.dir/OpenAL32/alBuffer.c.o
[ 43%] Building C object CMakeFiles/openal.dir/Alc/effects/chorus.c.o
[ 45%] Building C object CMakeFiles/openal.dir/OpenAL32/alError.c.o
[ 47%] Building C object CMakeFiles/openal.dir/Alc/effects/dedicated.c.o
[ 50%] Building C object CMakeFiles/openal.dir/OpenAL32/alState.c.o
[ 54%] Building C object CMakeFiles/openal.dir/Alc/effects/echo.c.o
[ 54%] Building C object CMakeFiles/openal.dir/OpenAL32/alThunk.c.o
[ 59%] Building C object CMakeFiles/openal.dir/Alc/effects/compressor.c.o
[ 59%] Building C object CMakeFiles/openal.dir/Alc/effects/autowah.c.o
[ 61%] Building C object CMakeFiles/openal.dir/Alc/effects/distortion.c.o
[ 65%] Building C object CMakeFiles/openal.dir/Alc/effects/flanger.c.o
[ 65%] Building C object CMakeFiles/openal.dir/Alc/effects/equalizer.c.o
[ 68%] Building C object CMakeFiles/openal.dir/Alc/effects/modulator.c.o
[ 70%] Building C object CMakeFiles/openal.dir/Alc/effects/null.c.o
[ 72%] Building C object CMakeFiles/openal.dir/Alc/effects/reverb.c.o
[ 75%] Building C object CMakeFiles/openal.dir/Alc/helpers.c.o
[ 77%] Building C object CMakeFiles/openal.dir/Alc/bsinc.c.o
[ 79%] Building C object CMakeFiles/openal.dir/Alc/hrtf.c.o
[ 81%] Building C object CMakeFiles/openal.dir/Alc/panning.c.o
[ 84%] Building C object CMakeFiles/openal.dir/Alc/mixer.c.o
[ 86%] Building C object CMakeFiles/openal.dir/Alc/mixer_c.c.o
[ 88%] Building C object CMakeFiles/openal.dir/Alc/mixer_neon.c.o
[ 93%] Building C object CMakeFiles/openal.dir/Alc/backends/loopback.c.o
[ 93%] Building C object CMakeFiles/openal.dir/Alc/backends/base.c.o
[ 95%] Building C object CMakeFiles/openal.dir/Alc/backends/null.c.o
[ 97%] Building C object CMakeFiles/openal.dir/Alc/backends/opensl.c.o
[100%] Linking C shared library libopenal.so
[100%] Built target openal
[ 11%] Built target common
[100%] Built target openal
Install the project...
-- Install configuration: "Release"
-- Installing: /home/andrei/tmp/android_3d/sview/3rdparty/android/build/openal-soft-1.17.2/build/android-arm64-v8a/lib/libopenal.so
-- Installing: /home/andrei/tmp/android_3d/sview/3rdparty/android/build/openal-soft-1.17.2/build/android-arm64-v8a/include/AL/al.h
-- Installing: /home/andrei/tmp/android_3d/sview/3rdparty/android/build/openal-soft-1.17.2/build/android-arm64-v8a/include/AL/alc.h
-- Installing: /home/andrei/tmp/android_3d/sview/3rdparty/android/build/openal-soft-1.17.2/build/android-arm64-v8a/include/AL/alext.h
-- Installing: /home/andrei/tmp/android_3d/sview/3rdparty/android/build/openal-soft-1.17.2/build/android-arm64-v8a/include/AL/efx.h
-- Installing: /home/andrei/tmp/android_3d/sview/3rdparty/android/build/openal-soft-1.17.2/build/android-arm64-v8a/include/AL/efx-creative.h
-- Installing: /home/andrei/tmp/android_3d/sview/3rdparty/android/build/openal-soft-1.17.2/build/android-arm64-v8a/include/AL/efx-presets.h
-- Installing: /home/andrei/tmp/android_3d/sview/3rdparty/android/build/openal-soft-1.17.2/build/android-arm64-v8a/lib/pkgconfig/openal.pc
-- Installing: /home/andrei/tmp/android_3d/sview/3rdparty/android/build/openal-soft-1.17.2/build/android-arm64-v8a/share/openal/alsoftrc.sample
-- Installing: /home/andrei/tmp/android_3d/sview/3rdparty/android/build/openal-soft-1.17.2/build/android-arm64-v8a/share/openal/hrtf/default-44100.mhr
-- Installing: /home/andrei/tmp/android_3d/sview/3rdparty/android/build/openal-soft-1.17.2/build/android-arm64-v8a/share/openal/hrtf/default-48000.mhr
