
FreeType build system -- automatic system detection

The following settings are used:

  platform                    unix
  compiler                    aarch64-linux-android-gcc
  configuration directory     ./builds/unix
  configuration rules         ./builds/unix/unix.mk

If this does not correspond to your system or settings please remove the file
`config.mk' from this directory then read the INSTALL file for help.

Otherwise, simply type `make' again to build the library,
or `make refdoc' to build the API reference (this needs python >= 2.6).

cd builds/unix; \
        ./configure  '--host' 'aarch64-linux-android' '--enable-shared' '--with-png=no' '--with-harfbuzz=no'
checking build system type... x86_64-pc-linux-gnu
checking host system type... aarch64-unknown-linux-android
checking for aarch64-linux-android-gcc... aarch64-linux-android-gcc
checking whether the C compiler works... yes
checking for C compiler default output file name... a.out
checking for suffix of executables... 
checking whether we are cross compiling... yes
checking for suffix of object files... o
checking whether we are using the GNU C compiler... yes
checking whether aarch64-linux-android-gcc accepts -g... yes
checking for aarch64-linux-android-gcc option to accept ISO C89... none needed
checking how to run the C preprocessor... aarch64-linux-android-gcc -E
checking for aarch64-linux-android-pkg-config... no
checking for pkg-config... /usr/bin/pkg-config
configure: WARNING: using cross tools not prefixed with host triplet
checking pkg-config is at least version 0.24... yes
checking how to print strings... printf
checking for a sed that does not truncate output... /usr/bin/sed
checking for grep that handles long lines and -e... /usr/bin/grep
checking for egrep... /usr/bin/grep -E
checking for fgrep... /usr/bin/grep -F
checking for ld used by aarch64-linux-android-gcc... /home/andrei/hdd/tmp/android_3d/sview/3rdparty/android/build/android-toolchain-arm64/aarch64-linux-android/bin/ld
checking if the linker (/home/andrei/hdd/tmp/android_3d/sview/3rdparty/android/build/android-toolchain-arm64/aarch64-linux-android/bin/ld) is GNU ld... yes
checking for BSD- or MS-compatible name lister (nm)... /home/andrei/tmp/android_3d/sview/3rdparty/android/build/android-toolchain-arm64/bin/aarch64-linux-android-nm -B
checking the name lister (/home/andrei/tmp/android_3d/sview/3rdparty/android/build/android-toolchain-arm64/bin/aarch64-linux-android-nm -B) interface... BSD nm
checking whether ln -s works... yes
checking the maximum length of command line arguments... 1572864
checking how to convert x86_64-pc-linux-gnu file names to aarch64-unknown-linux-android format... func_convert_file_noop
checking how to convert x86_64-pc-linux-gnu file names to toolchain format... func_convert_file_noop
checking for /home/andrei/hdd/tmp/android_3d/sview/3rdparty/android/build/android-toolchain-arm64/aarch64-linux-android/bin/ld option to reload object files... -r
checking for aarch64-linux-android-objdump... aarch64-linux-android-objdump
checking how to recognize dependent libraries... pass_all
checking for aarch64-linux-android-dlltool... no
checking for dlltool... no
checking how to associate runtime and link libraries... printf %s\n
checking for aarch64-linux-android-ar... aarch64-linux-android-ar
checking for archiver @FILE support... @
checking for aarch64-linux-android-strip... aarch64-linux-android-strip
checking for aarch64-linux-android-ranlib... aarch64-linux-android-ranlib
checking for gawk... gawk
checking command to parse /home/andrei/tmp/android_3d/sview/3rdparty/android/build/android-toolchain-arm64/bin/aarch64-linux-android-nm -B output from aarch64-linux-android-gcc object... ok
checking for sysroot... no
checking for a working dd... /usr/bin/dd
checking how to truncate binary pipes... /usr/bin/dd bs=4096 count=1
checking for aarch64-linux-android-mt... no
checking for mt... mt
checking if mt is a manifest tool... no
checking for ANSI C header files... yes
checking for sys/types.h... yes
checking for sys/stat.h... yes
checking for stdlib.h... yes
checking for string.h... yes
checking for memory.h... yes
checking for strings.h... yes
checking for inttypes.h... yes
checking for stdint.h... yes
checking for unistd.h... yes
checking for dlfcn.h... yes
checking for objdir... .libs
checking if aarch64-linux-android-gcc supports -fno-rtti -fno-exceptions... no
checking for aarch64-linux-android-gcc option to produce PIC... -fPIC -DPIC
checking if aarch64-linux-android-gcc PIC flag -fPIC -DPIC works... yes
checking if aarch64-linux-android-gcc static flag -static works... no
checking if aarch64-linux-android-gcc supports -c -o file.o... yes
checking if aarch64-linux-android-gcc supports -c -o file.o... (cached) yes
checking whether the aarch64-linux-android-gcc linker (/home/andrei/hdd/tmp/android_3d/sview/3rdparty/android/build/android-toolchain-arm64/aarch64-linux-android/bin/ld) supports shared libraries... yes
checking whether -lc should be explicitly linked in... no
checking dynamic linker characteristics... Android linker
checking how to hardcode library paths into programs... immediate
checking whether stripping libraries is possible... yes
checking if libtool supports shared libraries... yes
checking whether to build shared libraries... yes
checking whether to build static libraries... yes
checking for x86_64-pc-linux-gnu-gcc... no
checking for gcc... gcc
checking for gcc... (cached) gcc
checking for suffix of native executables... 
checking for a BSD-compatible install... /usr/bin/install -c
checking for a thread-safe mkdir -p... /usr/bin/mkdir -p
checking for ANSI C header files... (cached) yes
checking fcntl.h usability... yes
checking fcntl.h presence... yes
checking for fcntl.h... yes
checking for unistd.h... (cached) yes
checking for an ANSI C-conforming const... yes
checking size of int... 4
checking size of long... 8
checking whether cpp computation of bit length in ftconfig.in works... yes
checking for stdlib.h... (cached) yes
checking for unistd.h... (cached) yes
checking for sys/param.h... yes
checking for getpagesize... yes
checking for working mmap... no
checking for memcpy... yes
checking for memmove... yes
checking gcc compiler flag -pedantic to assure ANSI C works correctly... ok, add it to XX_ANSIFLAGS
checking gcc compiler flag -ansi to assure ANSI C works correctly... ok, add it to XX_ANSIFLAGS
checking for ZLIB... yes
checking for BZIP2... no
checking for BZ2_bzDecompress in -lbz2... no
checking whether CFLAGS and LDFLAGS share -march=armv8-a... no, copy to LDFLAGS
configure: creating ./config.status
config.status: creating unix-cc.mk
config.status: creating unix-def.mk
config.status: creating ftconfig.h
config.status: executing libtool commands
configure:

Library configuration:
  external zlib: yes (pkg-config)
  bzip2:         no
  libpng:        no
  harfbuzz:      no

make: Nothing to be done for 'unix'.
